garment generation: 144 designs, max 4 workers; palette variants are local
dad/neutral/necklace: image edit 1 (attempt 1)
dad/neutral/cloak: image edit 2 (attempt 1)
dad/neutral/hat: image edit 3 (attempt 1)
dad/neutral/wand: image edit 4 (attempt 1)
dad/neutral/necklace: ready
dad/neutral/broom: image edit 5 (attempt 1)
dad/neutral/wand: ready
dad/neutral/gloves: image edit 6 (attempt 1)
dad/neutral/cloak: ready
dad/neutral/pants: image edit 7 (attempt 1)
dad/neutral/hat: ready
dad/neutral/vest: image edit 8 (attempt 1)
dad/neutral/broom: ready
dad/happy/hat: image edit 9 (attempt 1)
dad/neutral/gloves: ready
dad/happy/necklace: image edit 10 (attempt 1)
dad/neutral/vest: ready
dad/happy/cloak: image edit 11 (attempt 1)
dad/neutral/pants: ready
dad/happy/wand: image edit 12 (attempt 1)
dad/happy/necklace: ready
dad/happy/hat: ready
dad/happy/broom: image edit 13 (attempt 1)
dad/happy/gloves: image edit 14 (attempt 1)
dad/happy/cloak: ready
dad/happy/pants: image edit 15 (attempt 1)
dad/happy/wand: ready
dad/happy/vest: image edit 16 (attempt 1)
dad/happy/pants: ready
dad/sad/hat: image edit 17 (attempt 1)
dad/happy/vest: ready
dad/happy/broom: ready
dad/sad/necklace: image edit 18 (attempt 1)
dad/sad/cloak: image edit 19 (attempt 1)
dad/sad/hat: ready
dad/sad/wand: image edit 20 (attempt 1)
dad/sad/necklace: ready
dad/sad/broom: image edit 21 (attempt 1)
dad/sad/cloak: ready
dad/sad/gloves: image edit 22 (attempt 1)
dad/sad/wand: ready
dad/sad/pants: image edit 23 (attempt 1)
dad/sad/gloves: ready
dad/sad/vest: image edit 24 (attempt 1)
dad/sad/broom: ready
mom/neutral/hat: image edit 25 (attempt 1)
mom/neutral/hat: ready
mom/neutral/necklace: image edit 26 (attempt 1)
dad/sad/vest: ready
mom/neutral/cloak: image edit 27 (attempt 1)
dad/sad/pants: ready
mom/neutral/wand: image edit 28 (attempt 1)
mom/neutral/necklace: ready
mom/neutral/wand: ready
mom/neutral/broom: image edit 29 (attempt 1)
mom/neutral/gloves: image edit 30 (attempt 1)
mom/neutral/cloak: ready
mom/neutral/pants: image edit 31 (attempt 1)
mom/neutral/broom: ready
mom/neutral/vest: image edit 32 (attempt 1)
mom/neutral/gloves: ready
mom/happy/hat: image edit 33 (attempt 1)
mom/neutral/vest: ready
mom/happy/necklace: image edit 34 (attempt 1)
mom/happy/hat: ready
mom/happy/cloak: image edit 35 (attempt 1)
mom/happy/necklace: ready
mom/happy/wand: image edit 36 (attempt 1)
mom/happy/cloak: ready
mom/happy/broom: image edit 37 (attempt 1)
mom/happy/broom: ready
mom/happy/gloves: image edit 38 (attempt 1)
mom/happy/wand: ready
mom/happy/pants: image edit 39 (attempt 1)
mom/happy/pants: ready
mom/happy/vest: image edit 40 (attempt 1)
mom/happy/gloves: ready
mom/sad/hat: image edit 41 (attempt 1)
mom/happy/vest: ready
mom/sad/necklace: image edit 42 (attempt 1)
mom/sad/hat: ready
mom/sad/cloak: image edit 43 (attempt 1)
mom/sad/necklace: ready
mom/sad/wand: image edit 44 (attempt 1)
mom/sad/cloak: ready
mom/sad/broom: image edit 45 (attempt 1)
mom/sad/wand: ready
mom/sad/gloves: image edit 46 (attempt 1)
mom/sad/broom: ready
mom/sad/pants: image edit 47 (attempt 1)
mom/sad/gloves: ready
mom/sad/vest: image edit 48 (attempt 1)
mom/sad/pants: ready
jeongan/neutral/hat: image edit 49 (attempt 1)
mom/sad/vest: ready
jeongan/neutral/necklace: image edit 50 (attempt 1)
jeongan/neutral/hat: ready
jeongan/neutral/cloak: image edit 51 (attempt 1)
jeongan/neutral/necklace: ready
jeongan/neutral/wand: image edit 52 (attempt 1)
dad/happy/gloves: image edit 53 (attempt 2)
jeongan/neutral/wand: ready
jeongan/neutral/broom: image edit 54 (attempt 1)
jeongan/neutral/cloak: ready
jeongan/neutral/gloves: image edit 55 (attempt 1)
jeongan/neutral/broom: ready
jeongan/neutral/pants: image edit 56 (attempt 1)
jeongan/neutral/gloves: ready
jeongan/neutral/vest: image edit 57 (attempt 1)
dad/happy/gloves: ready
jeongan/happy/hat: image edit 58 (attempt 1)
jeongan/happy/hat: ready
jeongan/happy/necklace: image edit 59 (attempt 1)
jeongan/neutral/vest: ready
jeongan/happy/cloak: image edit 60 (attempt 1)
jeongan/neutral/pants: ready
jeongan/happy/wand: image edit 61 (attempt 1)
jeongan/happy/necklace: ready
jeongan/happy/broom: image edit 62 (attempt 1)
jeongan/happy/cloak: ready
jeongan/happy/wand: ready
jeongan/happy/gloves: image edit 63 (attempt 1)
jeongan/happy/pants: image edit 64 (attempt 1)
jeongan/happy/broom: ready
jeongan/happy/vest: image edit 65 (attempt 1)
jeongan/happy/gloves: ready
jeongan/happy/pants: ready
jeongan/sad/hat: image edit 66 (attempt 1)
jeongan/sad/necklace: image edit 67 (attempt 1)
jeongan/happy/vest: ready
jeongan/sad/cloak: image edit 68 (attempt 1)
jeongan/sad/necklace: ready
jeongan/sad/wand: image edit 69 (attempt 1)
jeongan/sad/hat: ready
jeongan/sad/broom: image edit 70 (attempt 1)
jeongan/sad/wand: ready
jeongan/sad/gloves: image edit 71 (attempt 1)
jeongan/sad/cloak: ready
jeongan/sad/pants: image edit 72 (attempt 1)
mom/neutral/pants: image edit 73 (attempt 2)
jeongan/sad/broom: ready
jeongan/sad/vest: image edit 74 (attempt 1)
jeongan/sad/gloves: ready
suan/neutral/hat: image edit 75 (attempt 1)
jeongan/sad/pants: ready
suan/neutral/necklace: image edit 76 (attempt 1)
mom/neutral/pants: ready
suan/neutral/cloak: image edit 77 (attempt 1)
jeongan/sad/vest: ready
suan/neutral/wand: image edit 78 (attempt 1)
suan/neutral/hat: ready
suan/neutral/broom: image edit 79 (attempt 1)
suan/neutral/cloak: ready
suan/neutral/gloves: image edit 80 (attempt 1)
suan/neutral/wand: ready
suan/neutral/pants: image edit 81 (attempt 1)
suan/neutral/necklace: ready
suan/neutral/vest: image edit 82 (attempt 1)
suan/neutral/broom: ready
suan/happy/hat: image edit 83 (attempt 1)
suan/neutral/gloves: ready
suan/happy/necklace: image edit 84 (attempt 1)
suan/neutral/pants: ready
suan/happy/cloak: image edit 85 (attempt 1)
suan/neutral/vest: ready
suan/happy/wand: image edit 86 (attempt 1)
suan/happy/hat: ready
suan/happy/broom: image edit 87 (attempt 1)
suan/happy/necklace: ready
suan/happy/gloves: image edit 88 (attempt 1)
suan/happy/wand: ready
suan/happy/pants: image edit 89 (attempt 1)
suan/happy/cloak: ready
suan/happy/vest: image edit 90 (attempt 1)
suan/happy/gloves: ready
suan/sad/hat: image edit 91 (attempt 1)
suan/happy/broom: ready
suan/sad/necklace: image edit 92 (attempt 1)
suan/happy/pants: ready
suan/sad/cloak: image edit 93 (attempt 1)
suan/happy/vest: ready
suan/sad/wand: image edit 94 (attempt 1)
suan/sad/hat: ready
suan/sad/broom: image edit 95 (attempt 1)
suan/sad/cloak: ready
suan/sad/gloves: image edit 96 (attempt 1)
suan/sad/necklace: ready
suan/sad/pants: image edit 97 (attempt 1)
suan/sad/broom: ready
suan/sad/vest: image edit 98 (attempt 1)
suan/sad/pants: ready
yewon/neutral/hat: image edit 99 (attempt 1)
suan/sad/gloves: ready
yewon/neutral/necklace: image edit 100 (attempt 1)
suan/sad/vest: ready
yewon/neutral/cloak: image edit 101 (attempt 1)
yewon/neutral/necklace: ready
yewon/neutral/wand: image edit 102 (attempt 1)
yewon/neutral/hat: ready
yewon/neutral/broom: image edit 103 (attempt 1)
yewon/neutral/wand: ready
yewon/neutral/gloves: image edit 104 (attempt 1)
yewon/neutral/cloak: ready
yewon/neutral/pants: image edit 105 (attempt 1)
yewon/neutral/broom: ready
yewon/neutral/vest: image edit 106 (attempt 1)
yewon/neutral/gloves: ready
yewon/happy/hat: image edit 107 (attempt 1)
yewon/neutral/pants: ready
yewon/happy/necklace: image edit 108 (attempt 1)
yewon/neutral/vest: ready
yewon/happy/cloak: image edit 109 (attempt 1)
yewon/happy/necklace: ready
yewon/happy/wand: image edit 110 (attempt 1)
yewon/happy/hat: ready
yewon/happy/broom: image edit 111 (attempt 1)
yewon/happy/cloak: ready
yewon/happy/gloves: image edit 112 (attempt 1)
yewon/happy/wand: ready
yewon/happy/pants: image edit 113 (attempt 1)
yewon/happy/broom: ready
yewon/happy/vest: image edit 114 (attempt 1)
yewon/happy/gloves: ready
yewon/sad/hat: image edit 115 (attempt 1)
yewon/happy/pants: ready
yewon/sad/necklace: image edit 116 (attempt 1)
yewon/happy/vest: ready
yewon/sad/cloak: image edit 117 (attempt 1)
yewon/sad/hat: ready
yewon/sad/wand: image edit 118 (attempt 1)
yewon/sad/necklace: ready
yewon/sad/broom: image edit 119 (attempt 1)
yewon/sad/cloak: ready
yewon/sad/gloves: image edit 120 (attempt 1)
yewon/sad/wand: ready
yewon/sad/pants: image edit 121 (attempt 1)
yewon/sad/gloves: ready
yewon/sad/vest: image edit 122 (attempt 1)
yewon/sad/broom: ready
hunho/neutral/hat: image edit 123 (attempt 1)
yewon/sad/pants: ready
hunho/neutral/necklace: image edit 124 (attempt 1)
yewon/sad/vest: ready
hunho/neutral/cloak: image edit 125 (attempt 1)
hunho/neutral/hat: ready
hunho/neutral/wand: image edit 126 (attempt 1)
hunho/neutral/necklace: ready
hunho/neutral/broom: image edit 127 (attempt 1)
hunho/neutral/cloak: ready
hunho/neutral/gloves: image edit 128 (attempt 1)
hunho/neutral/wand: ready
hunho/neutral/pants: image edit 129 (attempt 1)
hunho/neutral/broom: ready
hunho/neutral/vest: image edit 130 (attempt 1)
hunho/neutral/gloves: ready
hunho/happy/hat: image edit 131 (attempt 1)
hunho/neutral/pants: ready
hunho/happy/necklace: image edit 132 (attempt 1)
hunho/neutral/vest: ready
hunho/happy/cloak: image edit 133 (attempt 1)
hunho/happy/necklace: ready
hunho/happy/wand: image edit 134 (attempt 1)
hunho/happy/hat: ready
hunho/happy/broom: image edit 135 (attempt 1)
hunho/happy/cloak: ready
hunho/happy/gloves: image edit 136 (attempt 1)
hunho/happy/broom: ready
hunho/happy/pants: image edit 137 (attempt 1)
hunho/happy/wand: ready
hunho/happy/vest: image edit 138 (attempt 1)
hunho/happy/gloves: ready
hunho/sad/hat: image edit 139 (attempt 1)
hunho/happy/pants: ready
hunho/sad/necklace: image edit 140 (attempt 1)
hunho/happy/vest: ready
hunho/sad/cloak: image edit 141 (attempt 1)
hunho/sad/hat: ready
hunho/sad/wand: image edit 142 (attempt 1)
hunho/sad/necklace: ready
hunho/sad/broom: image edit 143 (attempt 1)
hunho/sad/cloak: ready
hunho/sad/gloves: image edit 144 (attempt 1)
hunho/sad/wand: ready
hunho/sad/pants: image edit 145 (attempt 1)
hunho/sad/broom: ready
hunho/sad/vest: image edit 146 (attempt 1)
hunho/sad/gloves: ready
hunho/sad/pants: ready
suan/sad/wand: image edit 147 (attempt 2)
hunho/sad/vest: ready
suan/sad/wand: ready
finished 144/144 designs; api_calls=147; failures=0
